// Jest Snapshot v1, https://goo.gl/fbAQLP

exports[`Other Projects Section should render correctly 1`] = `
<section
  className="projects section"
>
  <div
    className="section-inner"
  >
    <h2
      className="heading"
    >
      Other Projects
    </h2>
    <div
      className="content"
    >
      <p />
      <a
        className="btn btn-cta-secondary"
        href="#"
      >
        More on CoderWall 
        <i
          className="fa fa-chevron-right"
        />
      </a>
    </div>
  </div>
</section>
`;
