// Jest Snapshot v1, https://goo.gl/fbAQLP

exports[`Latest Project Section should render correctly 1`] = `
<section
  className="latest section"
>
  <div
    className="section-inner"
  >
    <h2
      className="heading"
    >
      Latest Projects
    </h2>
    <div
      className="content"
    >
      <div
        className="item featured text-center"
      >
        <h3
          className="title"
        >
          <a
            target="_blank"
          />
        </h3>
        <p
          className="summary"
        />
        <div
          className="featured-image"
        >
          <a
            target="_blank"
          >
            <img
              alt="project name"
              className="img-responsive project-image"
            />
          </a>
          <div
            className="ribbon"
          >
            <div
              className="text"
            >
              New
            </div>
          </div>
        </div>
        <div
          className="desc text-left"
        >
          <p />
          <p />
        </div>
        <a
          className="btn btn-cta-secondary"
          target="_blank"
        >
          <i
            className="fa fa-thumbs-o-up"
          />
           Back my project
        </a>
      </div>
      <hr
        className="divider"
      />
    </div>
  </div>
</section>
`;
