// Jest Snapshot v1, https://goo.gl/fbAQLP

exports[`About Section should render correctly 1`] = `
<section
  className="about section"
>
  <div
    className="section-inner"
  >
    <h2
      className="heading"
    >
      About Me
    </h2>
    <div
      className="content"
    >
      <p>
        Test Text
      </p>
    </div>
  </div>
</section>
`;
