// Jest Snapshot v1, https://goo.gl/fbAQLP

exports[`CreditsAside Section should render correctly 1`] = `
<aside
  className="credits aside section"
>
  <div
    className="section-inner"
  >
    <h2
      className="heading"
    >
      Technologies Used
    </h2>
    <div
      className="content"
    >
      <ul
        className="list-unstyled"
      >
        <li>
          <a
            href="https://reactjs.org/"
            target="_blank"
          >
            <i
              className="fa fa-external-link"
            />
            React JS
          </a>
        </li>
        <li>
          <a
            href="https://angular.io/"
            target="_blank"
          >
            <i
              className="fa fa-external-link"
            />
            Angular
          </a>
        </li>
        <li>
          <a
            href="https://nodejs.org/en/"
            target="_blank"
          >
            <i
              className="fa fa-external-link"
            />
            Node JS
          </a>
        </li>
        <li>
          <a
            href="https://expressjs.com/"
            target="_blank"
          >
            <i
              className="fa fa-external-link"
            />
            Express
          </a>
        </li>
        <li>
          <a
            href="https://www.mongodb.com/"
            target="_blank"
          >
            <i
              className="fa fa-external-link"
            />
            Mongo
          </a>
        </li>
        <li>
          <a
            href="http://jquery.com/"
            target="_blank"
          >
            <i
              className="fa fa-external-link"
            />
             jQuery
          </a>
        </li>
        <li>
          <a
            href="http://getbootstrap.com/"
            target="_blank"
          >
            <i
              className="fa fa-external-link"
            />
             Bootstrap
          </a>
        </li>
        <li>
          <a
            href="http://sass-lang.com/"
            target="_blank"
          >
            <i
              className="fa fa-external-link"
            />
             SASS
          </a>
        </li>
        <li>
          <a
            href="http://fortawesome.github.io/Font-Awesome/"
            target="_blank"
          >
            <i
              className="fa fa-external-link"
            />
             FontAwesome
          </a>
        </li>
      </ul>
    </div>
  </div>
</aside>
`;
