// Jest Snapshot v1, https://goo.gl/fbAQLP

exports[`CreditsAside Section should render correctly 1`] = `
<aside
  className="credits aside section"
>
  <div
    className="section-inner"
  >
    <h2
      className="heading"
    >
      Credits
    </h2>
    <div
      className="content"
    >
      <ul
        className="list-unstyled"
      >
        <li>
          <a
            href="http://getbootstrap.com/"
            target="_blank"
          >
            <i
              className="fa fa-external-link"
            />
             Bootstrap
          </a>
        </li>
        <li>
          <a
            href="http://fortawesome.github.io/Font-Awesome/"
            target="_blank"
          >
            <i
              className="fa fa-external-link"
            />
             FontAwesome
          </a>
        </li>
        <li>
          <a
            href="http://jquery.com/"
            target="_blank"
          >
            <i
              className="fa fa-external-link"
            />
             jQuery
          </a>
        </li>
        <li>
          <a
            href="https://github.com/IonicaBizau/github-calendar"
            target="_blank"
          >
            <i
              className="fa fa-external-link"
            />
             GitHub Calendar Plugin
          </a>
        </li>
        <li>
          <a
            href="http://caseyscarborough.com/projects/github-activity/"
            target="_blank"
          >
            <i
              className="fa fa-external-link"
            />
             GitHub Activity Stream
          </a>
        </li>
        <li>
          <a
            href="https://github.com/sdepold/jquery-rss"
            target="_blank"
          >
            <i
              className="fa fa-external-link"
            />
             jQuery RSS
          </a>
        </li>
      </ul>
      <hr />
    </div>
  </div>
</aside>
`;
