// Jest Snapshot v1, https://goo.gl/fbAQLP

exports[`EducationAside Section should render correctly 1`] = `
<aside
  className="education aside section"
>
  <div
    className="section-inner"
  >
    <h2
      className="heading"
    >
      Education
    </h2>
    <div
      className="content"
    >
      <div
        className="item"
      >
        <h3
          className="title"
        >
          <i
            className="fa fa-graduation-cap"
          />
           BSc Psychology
        </h3>
        <h4
          className="university"
        >
          Leeds University
          <span
            className="year"
          >
            (1989-1991)
          </span>
        </h4>
      </div>
      <div
        className="item"
      >
        <h3
          className="title"
        >
          <i
            className="fa fa-graduation-cap"
          />
           BSc Computer Science
        </h3>
        <h4
          className="university"
        >
          University of Bristol 
          <span
            className="year"
          >
            (2008-2011)
          </span>
        </h4>
      </div>
    </div>
  </div>
</aside>
`;
