// Jest Snapshot v1, https://goo.gl/fbAQLP

exports[`InfoAside Section should render correctly 1`] = `
<aside
  className="info aside section"
>
  <div
    className="section-inner"
  >
    <h2
      className="heading sr-only"
    >
      Basic Information
    </h2>
    <div
      className="content"
    >
      <ul
        className="list-unstyled"
      >
        <li>
          <i
            className="fa fa-map-marker"
          />
          <span
            className="sr-only"
          >
            Location:
          </span>
          Manc
        </li>
        <li>
          <i
            className="fa fa-envelope-o"
          />
          <span
            className="sr-only"
          >
            Email:
          </span>
          <a
            href="#"
          >
            a@e.gmail.com
          </a>
        </li>
      </ul>
    </div>
  </div>
</aside>
`;
