// Jest Snapshot v1, https://goo.gl/fbAQLP

exports[`Landing Page should render Expense dashboard page correctly 1`] = `
<div>
  <Header
    header={
      Object {
        "name": "Ewan Bauld",
        "social": Object {
          "github": Object {
            "url": "https://github.com/SakuraComputing",
          },
          "googleplus": Object {
            "url": "",
          },
          "hackernews": Object {
            "url": "",
          },
          "linkedin": Object {
            "url": "https://www.linkedin.com/in/ewan-bauld-8887a337/",
          },
          "twitter": Object {
            "url": "",
          },
        },
        "title": "Front End Web Developer",
      }
    }
  />
  <div
    className="container sections-wrapper"
  >
    <div
      className="row"
    >
      <div
        className="primary col-md-8 col-sm-12 col-xs-12"
      >
        <About
          about={
            Object {
              "text": "I'm a front end developer with over twenty years of experience in software delivery.  Most recently I have cross trained into Javascript Front End Development using mainly ReactJS but have experience in other frameworks such as AngularJS along with a grounding in vanilla javascript I also possess good styling skills in HTML5/CSS3.  Now focusing toward a TDD approach to supply quality software products to the end customer.",
            }
          }
        />
        <Project
          latestproject={
            Object {
              "description1": "An application I wrote that allows developers to connect with one another.",
              "description2": "I used ReactJS, Express, Mongo and Node for the API layer (MERN) and used Bootstrap for the styling and used Heroku to host the site.",
              "exampleURL": "http://devconnector-app.herokuapp.com/",
              "imagePath": "assets/images/projects/project-main.png",
              "synopsis": "A Facebook for Developers",
              "title": "Developer Connector",
            }
          }
          projects={
            Array [
              Object {
                "description1": "Omnifood mock company website showcasing styling with HTML5, CSS3 (including animations) and JQuery.",
                "description2": "HTML, CSS, JQuery, PHP",
                "exampleURL": "https://2zqhhorr5cs4zipkjehl2a-on.drv.tw/omnifood/",
                "id": 1,
                "imagePath": "assets/images/projects/omnifood.png",
                "synopsis": "Web page demonstrating HTML and CSS",
                "title": "Omnifood Static Web Page",
              },
              Object {
                "description1": "Hotel Application I put together using Mongo, Express, Angular and Node.",
                "description2": "Written in ReactJS, Express, Mongo Database (mLab), NodeJS (API layer)",
                "exampleURL": "",
                "id": 2,
                "imagePath": "assets/images/projects/meanhotel.png",
                "synopsis": "A Facebook for Developers",
                "title": "Mean Hotel Application",
              },
              Object {
                "description1": "A live system written using Vue JS, Express, Node API layer and Mongo (Cloud hosted)",
                "description2": "Intellectual Property my own",
                "exampleURL": "https://bolton-kendo-club.herokuapp.com/",
                "id": 3,
                "imagePath": "assets/images/projects/bolton-kendo-landing-page.png",
                "synopsis": "Bolton Kendo",
                "title": "Bolton Kendo Club Website",
              },
              Object {
                "description1": "Expensify application I wrote in ReactJS using Firebase as the datastore.",
                "description2": "Written in ReactJS, Express, Mongo Database (mLab), NodeJS (API layer). SASS Styling",
                "exampleURL": "https://react-course-ew-expensify.herokuapp.com/",
                "id": 4,
                "imagePath": "assets/images/projects/expensify.png",
                "synopsis": "Expense Handler",
                "title": "Expensify Application",
              },
              Object {
                "description1": "Example live application I wrote for LKC using React JS and Firebase.",
                "description2": "Written in ReactJS with a Firebase Datastore. SASS Styling",
                "exampleURL": "https://liverpool-kendo-club.herokuapp.com/",
                "id": 5,
                "imagePath": "assets/images/projects/lkc.png",
                "synopsis": "Liverpool Kendo Club Website",
                "title": "Liverpool Kendo Club",
              },
            ]
          }
        />
        <OtherProjects
          otherprojects={
            Array [
              Object {
                "description": "Drag and Drop kanban board framework with tests.",
                "github": "https://github.com/SakuraComputing/kanban_board",
                "id": 1,
                "title": "Kanban Board",
              },
              Object {
                "description": "Basic Booking.com mock up rendering JSON using Redux. Full test suite using Jest",
                "github": "https://github.com/SakuraComputing/accom-ui",
                "id": 2,
                "title": "Accommodation UI",
              },
              Object {
                "description": "Ember test application including calculator",
                "github": "https://github.com/SakuraComputing/embDocs",
                "id": 3,
                "title": "Ember test application",
              },
            ]
          }
        />
        <Experience
          experience={
            Array [
              Object {
                "company": "Yodel/DHL",
                "description": "Lead Uniface developer responsible for regular updates and maintenance to the nationwide parcel delivery system. All project work carried out with a waterfall approach. ",
                "id": 3,
                "title": "Lead Developer",
                "year": "(2011 - 2016)",
              },
              Object {
                "company": "Yodel",
                "description": "Web developer responsible for the delivery of Agile projects in Ruby on Rails and React JS.  Experience gained in JQuery and vanilla Javascript.  First experienced TDD, Continuous Delivery and the use of build Pipelines (Jenkins).  All project work was carried out in Agile teams usint a fully colloborative approach in order to deliver software.",
                "id": 2,
                "title": "Web Developer",
                "year": "(2016 - Jan 2018)",
              },
              Object {
                "company": "Three Media Associates",
                "description": "Full stack developer responsible for projects around the broadcast and content distribution system which consisted of an Angular UI, NodeJS API layer along with C# watcher modules.",
                "id": 1,
                "title": "Full Stack Developer",
                "year": "(Jan 2018 - May 2018)",
              },
            ]
          }
        />
      </div>
      <div
        className="secondary col-md-4 col-sm-12 col-xs-12"
      >
        <InfoAside
          infoaside={
            Object {
              "email": "ewan.bauld@gmail.com",
              "location": "Manchester, UK",
              "website": "",
            }
          }
        />
        <SkillsAside
          skillsaside={
            Array [
              Object {
                "bar": "70%",
                "id": 1,
                "level": "Advanced",
                "title": "ReactJS",
              },
              Object {
                "bar": "60%",
                "id": 2,
                "level": "Competant",
                "title": "CSS3",
              },
              Object {
                "bar": "70%",
                "id": 3,
                "level": "Competant",
                "title": "Javascript",
              },
              Object {
                "bar": "70%",
                "id": 4,
                "level": "Advanced",
                "title": "HTML5",
              },
              Object {
                "bar": "60%",
                "id": 5,
                "level": "Competant",
                "title": "NodeJS",
              },
              Object {
                "bar": "60%",
                "id": 6,
                "level": "Competant",
                "title": "REST",
              },
              Object {
                "bar": "85%",
                "id": 7,
                "level": "Advanced",
                "title": "GIT",
              },
            ]
          }
          skillsummary="These are my core skills other technologies I have been exposed to commercially are Java, MongoDB, Docker and Jenkins."
        />
        <EducationAside
          education={
            Array [
              Object {
                "id": 1,
                "institution": "Leeds University",
                "qualifiation": "BSc Degree",
                "year": "(1989-1991)",
              },
              Object {
                "id": 2,
                "institution": "South Trafford College",
                "qualifiation": "A Levels (BBC)",
                "year": "(1988-1989)",
              },
            ]
          }
        />
        <LanguagesAside
          languages={
            Array [
              Object {
                "level": "Fluent",
                "rating": 5,
                "title": "English",
              },
              Object {
                "level": "Basic",
                "rating": 2,
                "title": "Japanese",
              },
            ]
          }
        />
        <BooksAside
          books={
            Array [
              Object {
                "author": "Freeman and Robson",
                "description": "A guide to Java design patterns.",
                "id": 0,
                "link": "https://www.amazon.co.uk/Head-First-Design-Patterns-Freeman/dp/0596007124",
                "title": "Head First Design Patterns",
              },
              Object {
                "author": "Juho Vepsäläinen",
                "description": "A guide to programming in React and Webpack",
                "id": 1,
                "link": "http://leanpub.com/survivejs_webpack_react",
                "title": "Survive JS - Webpack and React",
              },
              Object {
                "author": "Charles Petzold",
                "description": "A guide tour through Alan Turing's historic paper on computability and the Turing Machine.",
                "id": 2,
                "link": "https://www.amazon.co.uk/Annotated-Turing-Through-Historic-Computability/dp/0470229055/ref=sr_1_3?ie=UTF8&qid=1540678797&sr=8-3&keywords=charles+petzold",
                "title": "The Annotated Turing",
              },
            ]
          }
        />
        <MusicAside
          musicaside={
            Array [
              Object {
                "id": 1,
                "title": "JJ Cale - Fate of a fool",
              },
              Object {
                "id": 2,
                "title": "Jorge Ben - Take it Easy My Brother Charlie",
              },
              Object {
                "id": 3,
                "title": "Nina Simone - Ain't Got No - Got Life",
              },
              Object {
                "id": 4,
                "title": "Tone Loc - Funky Cold Medina",
              },
            ]
          }
        />
        <CreditsAside />
      </div>
    </div>
  </div>
  <Footer />
</div>
`;
