// Jest Snapshot v1, https://goo.gl/fbAQLP

exports[`Landing Page should render Expense dashboard page correctly 1`] = `
<div>
  <Header
    header={
      Object {
        "name": "Ewan Bauld",
        "social": Object {
          "github": Object {
            "url": "https://github.com/SakuraComputing",
          },
          "googleplus": Object {
            "url": "",
          },
          "hackernews": Object {
            "url": "",
          },
          "linkedin": Object {
            "url": "https://www.linkedin.com/in/ewan-bauld-8887a337/",
          },
          "twitter": Object {
            "url": "",
          },
        },
        "title": "Senior Web Developer",
      }
    }
  />
  <div
    className="container sections-wrapper"
  >
    <div
      className="row"
    >
      <div
        className="primary col-md-8 col-sm-12 col-xs-12"
      >
        <About
          about={
            Object {
              "text": "Front end developer with over twenty years of experience in software delivery.  Specialising in ReactJS but also experience in vanilla javascript and other MVC frameworks such as Angular. Take both TDD approaches and AB Testing to coding",
            }
          }
        />
        <Project
          latestproject={
            Object {
              "description1": "A platform that allows developers to connect with one another and share knowledge",
              "description2": "Written in ReactJS, Express, Mongo Database (mLab), NodeJS (API layer). Using React Redux.",
              "exampleURL": "http://devconnector-app.herokuapp.com/",
              "imagePath": "assets/images/projects/project-main.png",
              "synopsis": "A Facebook for Developers",
              "title": "Developer Connector",
            }
          }
          projects={
            Array [
              Object {
                "description1": "Accommodation UI project serving up the UI for an accommodation application. Using React Redux.",
                "description2": "Written in ReactJS serving up JSON",
                "exampleURL": "",
                "id": 1,
                "imagePath": "assets/images/projects/project-2.png",
                "synopsis": "Hotel Booking Application",
                "title": "Accommodation UI - based on Booking.com",
              },
              Object {
                "description1": "Hotel Application built using Mongo, Express, Angular and Node.",
                "description2": "Written in Angular, Express, Mongo Database (local), NodeJS (API layer)",
                "exampleURL": "",
                "id": 2,
                "imagePath": "assets/images/projects/project-2.png",
                "synopsis": "Sample Hotel Application demonstrating MEAN stack",
                "title": "Mean Hotel Application",
              },
              Object {
                "description1": "Proof of concept written using React JS and Node",
                "description2": "Written in ReactJS (Redux), Express, Mongo Database (local), NodeJS (API layer).",
                "exampleURL": "https://react-son-of-sabre.herokuapp.com/",
                "id": 3,
                "imagePath": "assets/images/projects/project-3.png",
                "synopsis": "Parcel Tracking System POC",
                "title": "Sabre Proof of Concept",
              },
              Object {
                "description1": "Expensify application written in ReactJS using Firebase as the datastore.",
                "description2": "Written in ReactJS with a Firebase Datastore",
                "exampleURL": "https://react-course-ew-expensify.herokuapp.com/",
                "id": 4,
                "imagePath": "assets/images/projects/project-4.png",
                "synopsis": "A Facebook for Developers",
                "title": "Expensify Application",
              },
              Object {
                "description1": "Example live apllication using React JS.",
                "description2": "Written in ReactJS with a Firebase Datastore",
                "exampleURL": "https://liverpool-kendo-club.herokuapp.com/",
                "id": 5,
                "imagePath": "assets/images/projects/project-5.png",
                "synopsis": "Live application serving club members",
                "title": "Liverpool Kendo Club",
              },
            ]
          }
        />
        <OtherProjects
          otherprojects={
            Array [
              Object {
                "description": "Drag and Drop kanban board framework with tests. Using Flux.",
                "github": "https://github.com/SakuraComputing/kanban_board",
                "id": 1,
                "title": "Kanban Board",
              },
              Object {
                "description": "Ember test application including calculator",
                "github": "https://github.com/SakuraComputing/embDocs",
                "id": 2,
                "title": "Ember test application",
              },
            ]
          }
        />
        <Experience
          experience={
            Array [
              Object {
                "company": "Yodel/DHL",
                "description": "Lead Uniface developer responsible for the core parcel delivery system",
                "id": 3,
                "title": "Lead Developer",
                "year": "(2011 - 2016)",
              },
              Object {
                "company": "Yodel",
                "description": "Web developer Ruby on Rails originally then React JS and some Java API experience. Exposed to TDD, Docker and Kafka",
                "id": 2,
                "title": "Web Developer",
                "year": "(2016 - Jan 2018)",
              },
              Object {
                "company": "Three Media Associates",
                "description": "Full stack developer exposed to Angular, C# and NodeJS",
                "id": 1,
                "title": "Full Stack Developer",
                "year": "(2018 - present)",
              },
            ]
          }
        />
        <Github />
      </div>
      <div
        className="secondary col-md-4 col-sm-12 col-xs-12"
      >
        <InfoAside
          infoaside={
            Object {
              "email": "ewan.bauld@gmail.com",
              "location": "Manchester, UK",
              "website": "www.ewan.bauld.com",
            }
          }
        />
        <SkillsAside
          skillsaside={
            Array [
              Object {
                "bar": "80%",
                "id": 1,
                "level": "Expert",
                "title": "ReactJS",
              },
              Object {
                "bar": "70%",
                "id": 2,
                "level": "Advanced",
                "title": "CSS3",
              },
              Object {
                "bar": "81%",
                "id": 3,
                "level": "Expert",
                "title": "Javascript",
              },
              Object {
                "bar": "71%",
                "id": 4,
                "level": "Advanced",
                "title": "HTML5",
              },
              Object {
                "bar": "60%",
                "id": 5,
                "level": "Competant",
                "title": "NodeJS",
              },
              Object {
                "bar": "90%",
                "id": 6,
                "level": "Expert",
                "title": "Uniface",
              },
            ]
          }
          skillsummary="These are my core skills you check out other technologies I have been exposed."
        />
        <EducationAside
          education={
            Array [
              Object {
                "id": 1,
                "institution": "Leeds University",
                "qualifiation": "BSc Degree",
                "year": "(1989-1991)",
              },
              Object {
                "id": 2,
                "institution": "South Trafford College",
                "qualifiation": "A Levels (BBC)",
                "year": "(1988-1989)",
              },
            ]
          }
        />
        <LanguagesAside
          languages={
            Array [
              Object {
                "level": "Fluent",
                "rating": 5,
                "title": "English",
              },
              Object {
                "level": "Basic",
                "rating": 1,
                "title": "Japanese",
              },
            ]
          }
        />
        <BlogAside />
        <MusicAside
          musicaside={
            Array [
              Object {
                "id": 1,
                "title": "JJ Cale - Fate of a fool",
              },
              Object {
                "id": 2,
                "title": "Jorge Ben - Take it Easy My Brother Charlie",
              },
              Object {
                "id": 3,
                "title": "Nina Simone - Ain't Got No - Got Life",
              },
              Object {
                "id": 4,
                "title": "Tone Loc - Funky Cold Medina",
              },
            ]
          }
        />
        <CreditsAside />
      </div>
    </div>
  </div>
  <Footer />
</div>
`;
