// Jest Snapshot v1, https://goo.gl/fbAQLP

exports[`LanguagesAside Section should render correctly 1`] = `
<aside
  className="languages aside section"
>
  <div
    className="section-inner"
  >
    <h2
      className="heading"
    >
      Languages
    </h2>
    <div
      className="content"
    >
      <ul
        className="list-unstyled"
      />
    </div>
  </div>
</aside>
`;
